// Jest Snapshot v1, https://goo.gl/fbAQLP

exports[`CalendarView renders correctly 1`] = `
<div
  className=""
>
  <WithStyles(HoursColumn)
    hours={
      Array [
        8,
        9,
        10,
        11,
        12,
        13,
        14,
        15,
        16,
        17,
        18,
        19,
        20,
        21,
        22,
      ]
    }
  />
  <div
    className=""
  >
    <WithStyles(DowColumn)
      dow="Mo"
    />
    <WithStyles(DowColumn)
      dow="Tu"
    />
    <WithStyles(DowColumn)
      dow="We"
    />
    <WithStyles(DowColumn)
      dow="Th"
    />
    <WithStyles(DowColumn)
      dow="Fr"
    />
  </div>
</div>
`;
