// Jest Snapshot v1, https://goo.gl/fbAQLP

exports[`ClassModal renders correctly 1`] = `
<ForwardRef(WithStyles)
  aria-describedby="simple-dialog-description"
  aria-labelledby="simple"
  onClose={[Function]}
  open={true}
>
  <div
    className="makeStyles-dialog-1"
  >
    <ForwardRef(WithStyles)
      gutterBottom={true}
      variant="h5"
    >
      
      Introduction to Something
    </ForwardRef(WithStyles)>
    <ForwardRef(WithStyles) />
    <br />
    <ForwardRef(WithStyles)
      variant="subtitle1"
    >
      undefined undefined Section 20
    </ForwardRef(WithStyles)>
    <br />
    <div>
      <ForwardRef(WithStyles)>
        Mo 10:30 AM - 12:00 PM
      </ForwardRef(WithStyles)>
      <ForwardRef(WithStyles)>
        somewhere
      </ForwardRef(WithStyles)>
    </div>
    <ForwardRef(WithStyles)>
      A prof
    </ForwardRef(WithStyles)>
    <br />
    <div>
      <ForwardRef(WithStyles)
        variant="h6"
      >
        
      </ForwardRef(WithStyles)>
      <ForwardRef(WithStyles)
        gutterBottom={true}
      >
        
      </ForwardRef(WithStyles)>
      <br />
    </div>
  </div>
  <ForwardRef(WithStyles)>
    <ForwardRef(WithStyles)
      onClick={[Function]}
    >
      Remove
    </ForwardRef(WithStyles)>
    <ForwardRef(WithStyles)
      onClick={[Function]}
    >
      Cancel
    </ForwardRef(WithStyles)>
  </ForwardRef(WithStyles)>
</ForwardRef(WithStyles)>
`;

exports[`ClassModal renders correctly for associated class 1`] = `
<div>
  <ForwardRef(WithStyles)>
    Mo 10:30 AM - 12:00 PM
  </ForwardRef(WithStyles)>
  <ForwardRef(WithStyles) />
</div>
`;
