// Jest Snapshot v1, https://goo.gl/fbAQLP

exports[`DowColumn renders correctly 1`] = `
ShallowWrapper {
  Symbol(enzyme.__root__): [Circular],
  Symbol(enzyme.__unrendered__): <DowColumn
    classes={
      Object {
        "calendarColumn": "",
        "dowColumn": "",
        "dowHeader": "",
      }
    }
    dow="Mon"
    hour={10}
    sections={Array []}
  />,
  Symbol(enzyme.__renderer__): Object {
    "batchedUpdates": [Function],
    "getNode": [Function],
    "render": [Function],
    "simulateError": [Function],
    "simulateEvent": [Function],
    "unmount": [Function],
  },
  Symbol(enzyme.__node__): Object {
    "instance": null,
    "key": undefined,
    "nodeType": "host",
    "props": Object {
      "children": Array [
        <WithStyles(Typography)
          align="center"
          className=""
          variant="body1"
        >
          Mon
        </WithStyles(Typography)>,
        <div
          className=""
        >
          <ForwardRef
            hour={8}
            sections={Array []}
          />
          <ForwardRef
            hour={9}
            sections={Array []}
          />
          <ForwardRef
            hour={10}
            sections={Array []}
          />
          <ForwardRef
            hour={11}
            sections={Array []}
          />
          <ForwardRef
            hour={12}
            sections={Array []}
          />
          <ForwardRef
            hour={13}
            sections={Array []}
          />
          <ForwardRef
            hour={14}
            sections={Array []}
          />
          <ForwardRef
            hour={15}
            sections={Array []}
          />
          <ForwardRef
            hour={16}
            sections={Array []}
          />
          <ForwardRef
            hour={17}
            sections={Array []}
          />
          <ForwardRef
            hour={18}
            sections={Array []}
          />
          <ForwardRef
            hour={19}
            sections={Array []}
          />
          <ForwardRef
            hour={20}
            sections={Array []}
          />
          <ForwardRef
            hour={21}
            sections={Array []}
          />
          <ForwardRef
            hour={22}
            sections={Array []}
          />
        </div>,
      ],
      "className": "",
    },
    "ref": null,
    "rendered": Array [
      Object {
        "instance": null,
        "key": undefined,
        "nodeType": "class",
        "props": Object {
          "align": "center",
          "children": "Mon",
          "className": "",
          "variant": "body1",
        },
        "ref": null,
        "rendered": "Mon",
        "type": [Function],
      },
      Object {
        "instance": null,
        "key": undefined,
        "nodeType": "host",
        "props": Object {
          "children": Array [
            <ForwardRef
              hour={8}
              sections={Array []}
            />,
            <ForwardRef
              hour={9}
              sections={Array []}
            />,
            <ForwardRef
              hour={10}
              sections={Array []}
            />,
            <ForwardRef
              hour={11}
              sections={Array []}
            />,
            <ForwardRef
              hour={12}
              sections={Array []}
            />,
            <ForwardRef
              hour={13}
              sections={Array []}
            />,
            <ForwardRef
              hour={14}
              sections={Array []}
            />,
            <ForwardRef
              hour={15}
              sections={Array []}
            />,
            <ForwardRef
              hour={16}
              sections={Array []}
            />,
            <ForwardRef
              hour={17}
              sections={Array []}
            />,
            <ForwardRef
              hour={18}
              sections={Array []}
            />,
            <ForwardRef
              hour={19}
              sections={Array []}
            />,
            <ForwardRef
              hour={20}
              sections={Array []}
            />,
            <ForwardRef
              hour={21}
              sections={Array []}
            />,
            <ForwardRef
              hour={22}
              sections={Array []}
            />,
          ],
          "className": "",
        },
        "ref": null,
        "rendered": Array [
          Object {
            "instance": null,
            "key": "8",
            "nodeType": "function",
            "props": Object {
              "hour": 8,
              "sections": Array [],
            },
            "ref": null,
            "rendered": null,
            "type": Object {
              "$$typeof": Symbol(react.forward_ref),
              "Naked": [Function],
              "displayName": "WithStyles(HourCell)",
              "options": Object {},
              "propTypes": Object {
                "classes": [Function],
                "innerRef": [Function],
              },
              "render": [Function],
              Symbol(Symbol.hasInstance): [Function],
            },
          },
          Object {
            "instance": null,
            "key": "9",
            "nodeType": "function",
            "props": Object {
              "hour": 9,
              "sections": Array [],
            },
            "ref": null,
            "rendered": null,
            "type": Object {
              "$$typeof": Symbol(react.forward_ref),
              "Naked": [Function],
              "displayName": "WithStyles(HourCell)",
              "options": Object {},
              "propTypes": Object {
                "classes": [Function],
                "innerRef": [Function],
              },
              "render": [Function],
              Symbol(Symbol.hasInstance): [Function],
            },
          },
          Object {
            "instance": null,
            "key": "10",
            "nodeType": "function",
            "props": Object {
              "hour": 10,
              "sections": Array [],
            },
            "ref": null,
            "rendered": null,
            "type": Object {
              "$$typeof": Symbol(react.forward_ref),
              "Naked": [Function],
              "displayName": "WithStyles(HourCell)",
              "options": Object {},
              "propTypes": Object {
                "classes": [Function],
                "innerRef": [Function],
              },
              "render": [Function],
              Symbol(Symbol.hasInstance): [Function],
            },
          },
          Object {
            "instance": null,
            "key": "11",
            "nodeType": "function",
            "props": Object {
              "hour": 11,
              "sections": Array [],
            },
            "ref": null,
            "rendered": null,
            "type": Object {
              "$$typeof": Symbol(react.forward_ref),
              "Naked": [Function],
              "displayName": "WithStyles(HourCell)",
              "options": Object {},
              "propTypes": Object {
                "classes": [Function],
                "innerRef": [Function],
              },
              "render": [Function],
              Symbol(Symbol.hasInstance): [Function],
            },
          },
          Object {
            "instance": null,
            "key": "12",
            "nodeType": "function",
            "props": Object {
              "hour": 12,
              "sections": Array [],
            },
            "ref": null,
            "rendered": null,
            "type": Object {
              "$$typeof": Symbol(react.forward_ref),
              "Naked": [Function],
              "displayName": "WithStyles(HourCell)",
              "options": Object {},
              "propTypes": Object {
                "classes": [Function],
                "innerRef": [Function],
              },
              "render": [Function],
              Symbol(Symbol.hasInstance): [Function],
            },
          },
          Object {
            "instance": null,
            "key": "13",
            "nodeType": "function",
            "props": Object {
              "hour": 13,
              "sections": Array [],
            },
            "ref": null,
            "rendered": null,
            "type": Object {
              "$$typeof": Symbol(react.forward_ref),
              "Naked": [Function],
              "displayName": "WithStyles(HourCell)",
              "options": Object {},
              "propTypes": Object {
                "classes": [Function],
                "innerRef": [Function],
              },
              "render": [Function],
              Symbol(Symbol.hasInstance): [Function],
            },
          },
          Object {
            "instance": null,
            "key": "14",
            "nodeType": "function",
            "props": Object {
              "hour": 14,
              "sections": Array [],
            },
            "ref": null,
            "rendered": null,
            "type": Object {
              "$$typeof": Symbol(react.forward_ref),
              "Naked": [Function],
              "displayName": "WithStyles(HourCell)",
              "options": Object {},
              "propTypes": Object {
                "classes": [Function],
                "innerRef": [Function],
              },
              "render": [Function],
              Symbol(Symbol.hasInstance): [Function],
            },
          },
          Object {
            "instance": null,
            "key": "15",
            "nodeType": "function",
            "props": Object {
              "hour": 15,
              "sections": Array [],
            },
            "ref": null,
            "rendered": null,
            "type": Object {
              "$$typeof": Symbol(react.forward_ref),
              "Naked": [Function],
              "displayName": "WithStyles(HourCell)",
              "options": Object {},
              "propTypes": Object {
                "classes": [Function],
                "innerRef": [Function],
              },
              "render": [Function],
              Symbol(Symbol.hasInstance): [Function],
            },
          },
          Object {
            "instance": null,
            "key": "16",
            "nodeType": "function",
            "props": Object {
              "hour": 16,
              "sections": Array [],
            },
            "ref": null,
            "rendered": null,
            "type": Object {
              "$$typeof": Symbol(react.forward_ref),
              "Naked": [Function],
              "displayName": "WithStyles(HourCell)",
              "options": Object {},
              "propTypes": Object {
                "classes": [Function],
                "innerRef": [Function],
              },
              "render": [Function],
              Symbol(Symbol.hasInstance): [Function],
            },
          },
          Object {
            "instance": null,
            "key": "17",
            "nodeType": "function",
            "props": Object {
              "hour": 17,
              "sections": Array [],
            },
            "ref": null,
            "rendered": null,
            "type": Object {
              "$$typeof": Symbol(react.forward_ref),
              "Naked": [Function],
              "displayName": "WithStyles(HourCell)",
              "options": Object {},
              "propTypes": Object {
                "classes": [Function],
                "innerRef": [Function],
              },
              "render": [Function],
              Symbol(Symbol.hasInstance): [Function],
            },
          },
          Object {
            "instance": null,
            "key": "18",
            "nodeType": "function",
            "props": Object {
              "hour": 18,
              "sections": Array [],
            },
            "ref": null,
            "rendered": null,
            "type": Object {
              "$$typeof": Symbol(react.forward_ref),
              "Naked": [Function],
              "displayName": "WithStyles(HourCell)",
              "options": Object {},
              "propTypes": Object {
                "classes": [Function],
                "innerRef": [Function],
              },
              "render": [Function],
              Symbol(Symbol.hasInstance): [Function],
            },
          },
          Object {
            "instance": null,
            "key": "19",
            "nodeType": "function",
            "props": Object {
              "hour": 19,
              "sections": Array [],
            },
            "ref": null,
            "rendered": null,
            "type": Object {
              "$$typeof": Symbol(react.forward_ref),
              "Naked": [Function],
              "displayName": "WithStyles(HourCell)",
              "options": Object {},
              "propTypes": Object {
                "classes": [Function],
                "innerRef": [Function],
              },
              "render": [Function],
              Symbol(Symbol.hasInstance): [Function],
            },
          },
          Object {
            "instance": null,
            "key": "20",
            "nodeType": "function",
            "props": Object {
              "hour": 20,
              "sections": Array [],
            },
            "ref": null,
            "rendered": null,
            "type": Object {
              "$$typeof": Symbol(react.forward_ref),
              "Naked": [Function],
              "displayName": "WithStyles(HourCell)",
              "options": Object {},
              "propTypes": Object {
                "classes": [Function],
                "innerRef": [Function],
              },
              "render": [Function],
              Symbol(Symbol.hasInstance): [Function],
            },
          },
          Object {
            "instance": null,
            "key": "21",
            "nodeType": "function",
            "props": Object {
              "hour": 21,
              "sections": Array [],
            },
            "ref": null,
            "rendered": null,
            "type": Object {
              "$$typeof": Symbol(react.forward_ref),
              "Naked": [Function],
              "displayName": "WithStyles(HourCell)",
              "options": Object {},
              "propTypes": Object {
                "classes": [Function],
                "innerRef": [Function],
              },
              "render": [Function],
              Symbol(Symbol.hasInstance): [Function],
            },
          },
          Object {
            "instance": null,
            "key": "22",
            "nodeType": "function",
            "props": Object {
              "hour": 22,
              "sections": Array [],
            },
            "ref": null,
            "rendered": null,
            "type": Object {
              "$$typeof": Symbol(react.forward_ref),
              "Naked": [Function],
              "displayName": "WithStyles(HourCell)",
              "options": Object {},
              "propTypes": Object {
                "classes": [Function],
                "innerRef": [Function],
              },
              "render": [Function],
              Symbol(Symbol.hasInstance): [Function],
            },
          },
        ],
        "type": "div",
      },
    ],
    "type": "div",
  },
  Symbol(enzyme.__nodes__): Array [
    Object {
      "instance": null,
      "key": undefined,
      "nodeType": "host",
      "props": Object {
        "children": Array [
          <WithStyles(Typography)
            align="center"
            className=""
            variant="body1"
          >
            Mon
          </WithStyles(Typography)>,
          <div
            className=""
          >
            <ForwardRef
              hour={8}
              sections={Array []}
            />
            <ForwardRef
              hour={9}
              sections={Array []}
            />
            <ForwardRef
              hour={10}
              sections={Array []}
            />
            <ForwardRef
              hour={11}
              sections={Array []}
            />
            <ForwardRef
              hour={12}
              sections={Array []}
            />
            <ForwardRef
              hour={13}
              sections={Array []}
            />
            <ForwardRef
              hour={14}
              sections={Array []}
            />
            <ForwardRef
              hour={15}
              sections={Array []}
            />
            <ForwardRef
              hour={16}
              sections={Array []}
            />
            <ForwardRef
              hour={17}
              sections={Array []}
            />
            <ForwardRef
              hour={18}
              sections={Array []}
            />
            <ForwardRef
              hour={19}
              sections={Array []}
            />
            <ForwardRef
              hour={20}
              sections={Array []}
            />
            <ForwardRef
              hour={21}
              sections={Array []}
            />
            <ForwardRef
              hour={22}
              sections={Array []}
            />
          </div>,
        ],
        "className": "",
      },
      "ref": null,
      "rendered": Array [
        Object {
          "instance": null,
          "key": undefined,
          "nodeType": "class",
          "props": Object {
            "align": "center",
            "children": "Mon",
            "className": "",
            "variant": "body1",
          },
          "ref": null,
          "rendered": "Mon",
          "type": [Function],
        },
        Object {
          "instance": null,
          "key": undefined,
          "nodeType": "host",
          "props": Object {
            "children": Array [
              <ForwardRef
                hour={8}
                sections={Array []}
              />,
              <ForwardRef
                hour={9}
                sections={Array []}
              />,
              <ForwardRef
                hour={10}
                sections={Array []}
              />,
              <ForwardRef
                hour={11}
                sections={Array []}
              />,
              <ForwardRef
                hour={12}
                sections={Array []}
              />,
              <ForwardRef
                hour={13}
                sections={Array []}
              />,
              <ForwardRef
                hour={14}
                sections={Array []}
              />,
              <ForwardRef
                hour={15}
                sections={Array []}
              />,
              <ForwardRef
                hour={16}
                sections={Array []}
              />,
              <ForwardRef
                hour={17}
                sections={Array []}
              />,
              <ForwardRef
                hour={18}
                sections={Array []}
              />,
              <ForwardRef
                hour={19}
                sections={Array []}
              />,
              <ForwardRef
                hour={20}
                sections={Array []}
              />,
              <ForwardRef
                hour={21}
                sections={Array []}
              />,
              <ForwardRef
                hour={22}
                sections={Array []}
              />,
            ],
            "className": "",
          },
          "ref": null,
          "rendered": Array [
            Object {
              "instance": null,
              "key": "8",
              "nodeType": "function",
              "props": Object {
                "hour": 8,
                "sections": Array [],
              },
              "ref": null,
              "rendered": null,
              "type": Object {
                "$$typeof": Symbol(react.forward_ref),
                "Naked": [Function],
                "displayName": "WithStyles(HourCell)",
                "options": Object {},
                "propTypes": Object {
                  "classes": [Function],
                  "innerRef": [Function],
                },
                "render": [Function],
                Symbol(Symbol.hasInstance): [Function],
              },
            },
            Object {
              "instance": null,
              "key": "9",
              "nodeType": "function",
              "props": Object {
                "hour": 9,
                "sections": Array [],
              },
              "ref": null,
              "rendered": null,
              "type": Object {
                "$$typeof": Symbol(react.forward_ref),
                "Naked": [Function],
                "displayName": "WithStyles(HourCell)",
                "options": Object {},
                "propTypes": Object {
                  "classes": [Function],
                  "innerRef": [Function],
                },
                "render": [Function],
                Symbol(Symbol.hasInstance): [Function],
              },
            },
            Object {
              "instance": null,
              "key": "10",
              "nodeType": "function",
              "props": Object {
                "hour": 10,
                "sections": Array [],
              },
              "ref": null,
              "rendered": null,
              "type": Object {
                "$$typeof": Symbol(react.forward_ref),
                "Naked": [Function],
                "displayName": "WithStyles(HourCell)",
                "options": Object {},
                "propTypes": Object {
                  "classes": [Function],
                  "innerRef": [Function],
                },
                "render": [Function],
                Symbol(Symbol.hasInstance): [Function],
              },
            },
            Object {
              "instance": null,
              "key": "11",
              "nodeType": "function",
              "props": Object {
                "hour": 11,
                "sections": Array [],
              },
              "ref": null,
              "rendered": null,
              "type": Object {
                "$$typeof": Symbol(react.forward_ref),
                "Naked": [Function],
                "displayName": "WithStyles(HourCell)",
                "options": Object {},
                "propTypes": Object {
                  "classes": [Function],
                  "innerRef": [Function],
                },
                "render": [Function],
                Symbol(Symbol.hasInstance): [Function],
              },
            },
            Object {
              "instance": null,
              "key": "12",
              "nodeType": "function",
              "props": Object {
                "hour": 12,
                "sections": Array [],
              },
              "ref": null,
              "rendered": null,
              "type": Object {
                "$$typeof": Symbol(react.forward_ref),
                "Naked": [Function],
                "displayName": "WithStyles(HourCell)",
                "options": Object {},
                "propTypes": Object {
                  "classes": [Function],
                  "innerRef": [Function],
                },
                "render": [Function],
                Symbol(Symbol.hasInstance): [Function],
              },
            },
            Object {
              "instance": null,
              "key": "13",
              "nodeType": "function",
              "props": Object {
                "hour": 13,
                "sections": Array [],
              },
              "ref": null,
              "rendered": null,
              "type": Object {
                "$$typeof": Symbol(react.forward_ref),
                "Naked": [Function],
                "displayName": "WithStyles(HourCell)",
                "options": Object {},
                "propTypes": Object {
                  "classes": [Function],
                  "innerRef": [Function],
                },
                "render": [Function],
                Symbol(Symbol.hasInstance): [Function],
              },
            },
            Object {
              "instance": null,
              "key": "14",
              "nodeType": "function",
              "props": Object {
                "hour": 14,
                "sections": Array [],
              },
              "ref": null,
              "rendered": null,
              "type": Object {
                "$$typeof": Symbol(react.forward_ref),
                "Naked": [Function],
                "displayName": "WithStyles(HourCell)",
                "options": Object {},
                "propTypes": Object {
                  "classes": [Function],
                  "innerRef": [Function],
                },
                "render": [Function],
                Symbol(Symbol.hasInstance): [Function],
              },
            },
            Object {
              "instance": null,
              "key": "15",
              "nodeType": "function",
              "props": Object {
                "hour": 15,
                "sections": Array [],
              },
              "ref": null,
              "rendered": null,
              "type": Object {
                "$$typeof": Symbol(react.forward_ref),
                "Naked": [Function],
                "displayName": "WithStyles(HourCell)",
                "options": Object {},
                "propTypes": Object {
                  "classes": [Function],
                  "innerRef": [Function],
                },
                "render": [Function],
                Symbol(Symbol.hasInstance): [Function],
              },
            },
            Object {
              "instance": null,
              "key": "16",
              "nodeType": "function",
              "props": Object {
                "hour": 16,
                "sections": Array [],
              },
              "ref": null,
              "rendered": null,
              "type": Object {
                "$$typeof": Symbol(react.forward_ref),
                "Naked": [Function],
                "displayName": "WithStyles(HourCell)",
                "options": Object {},
                "propTypes": Object {
                  "classes": [Function],
                  "innerRef": [Function],
                },
                "render": [Function],
                Symbol(Symbol.hasInstance): [Function],
              },
            },
            Object {
              "instance": null,
              "key": "17",
              "nodeType": "function",
              "props": Object {
                "hour": 17,
                "sections": Array [],
              },
              "ref": null,
              "rendered": null,
              "type": Object {
                "$$typeof": Symbol(react.forward_ref),
                "Naked": [Function],
                "displayName": "WithStyles(HourCell)",
                "options": Object {},
                "propTypes": Object {
                  "classes": [Function],
                  "innerRef": [Function],
                },
                "render": [Function],
                Symbol(Symbol.hasInstance): [Function],
              },
            },
            Object {
              "instance": null,
              "key": "18",
              "nodeType": "function",
              "props": Object {
                "hour": 18,
                "sections": Array [],
              },
              "ref": null,
              "rendered": null,
              "type": Object {
                "$$typeof": Symbol(react.forward_ref),
                "Naked": [Function],
                "displayName": "WithStyles(HourCell)",
                "options": Object {},
                "propTypes": Object {
                  "classes": [Function],
                  "innerRef": [Function],
                },
                "render": [Function],
                Symbol(Symbol.hasInstance): [Function],
              },
            },
            Object {
              "instance": null,
              "key": "19",
              "nodeType": "function",
              "props": Object {
                "hour": 19,
                "sections": Array [],
              },
              "ref": null,
              "rendered": null,
              "type": Object {
                "$$typeof": Symbol(react.forward_ref),
                "Naked": [Function],
                "displayName": "WithStyles(HourCell)",
                "options": Object {},
                "propTypes": Object {
                  "classes": [Function],
                  "innerRef": [Function],
                },
                "render": [Function],
                Symbol(Symbol.hasInstance): [Function],
              },
            },
            Object {
              "instance": null,
              "key": "20",
              "nodeType": "function",
              "props": Object {
                "hour": 20,
                "sections": Array [],
              },
              "ref": null,
              "rendered": null,
              "type": Object {
                "$$typeof": Symbol(react.forward_ref),
                "Naked": [Function],
                "displayName": "WithStyles(HourCell)",
                "options": Object {},
                "propTypes": Object {
                  "classes": [Function],
                  "innerRef": [Function],
                },
                "render": [Function],
                Symbol(Symbol.hasInstance): [Function],
              },
            },
            Object {
              "instance": null,
              "key": "21",
              "nodeType": "function",
              "props": Object {
                "hour": 21,
                "sections": Array [],
              },
              "ref": null,
              "rendered": null,
              "type": Object {
                "$$typeof": Symbol(react.forward_ref),
                "Naked": [Function],
                "displayName": "WithStyles(HourCell)",
                "options": Object {},
                "propTypes": Object {
                  "classes": [Function],
                  "innerRef": [Function],
                },
                "render": [Function],
                Symbol(Symbol.hasInstance): [Function],
              },
            },
            Object {
              "instance": null,
              "key": "22",
              "nodeType": "function",
              "props": Object {
                "hour": 22,
                "sections": Array [],
              },
              "ref": null,
              "rendered": null,
              "type": Object {
                "$$typeof": Symbol(react.forward_ref),
                "Naked": [Function],
                "displayName": "WithStyles(HourCell)",
                "options": Object {},
                "propTypes": Object {
                  "classes": [Function],
                  "innerRef": [Function],
                },
                "render": [Function],
                Symbol(Symbol.hasInstance): [Function],
              },
            },
          ],
          "type": "div",
        },
      ],
      "type": "div",
    },
  ],
  Symbol(enzyme.__options__): Object {
    "adapter": ReactSixteenAdapter {
      "options": Object {
        "enableComponentDidUpdateOnSetState": true,
        "lifecycles": Object {
          "componentDidUpdate": Object {
            "onSetState": true,
          },
          "getDerivedStateFromProps": true,
          "getSnapshotBeforeUpdate": true,
          "setState": Object {
            "skipsComponentDidUpdateOnNullish": true,
          },
        },
      },
    },
    "attachTo": undefined,
    "hydrateIn": undefined,
  },
}
`;
