// Jest Snapshot v1, https://goo.gl/fbAQLP

exports[`DowColumn renders correctly 1`] = `
<div
  className=""
>
  <ForwardRef(WithStyles)
    align="center"
    className=""
    variant="body1"
  >
    
  </ForwardRef(WithStyles)>
  <div
    className=""
  >
    <ForwardRef(WithStyles)
      dow="Mon"
      hour={8}
    />
    <ForwardRef(WithStyles)
      dow="Mon"
      hour={9}
    />
    <ForwardRef(WithStyles)
      dow="Mon"
      hour={10}
    />
    <ForwardRef(WithStyles)
      dow="Mon"
      hour={11}
    />
    <ForwardRef(WithStyles)
      dow="Mon"
      hour={12}
    />
    <ForwardRef(WithStyles)
      dow="Mon"
      hour={13}
    />
    <ForwardRef(WithStyles)
      dow="Mon"
      hour={14}
    />
    <ForwardRef(WithStyles)
      dow="Mon"
      hour={15}
    />
    <ForwardRef(WithStyles)
      dow="Mon"
      hour={16}
    />
    <ForwardRef(WithStyles)
      dow="Mon"
      hour={17}
    />
    <ForwardRef(WithStyles)
      dow="Mon"
      hour={18}
    />
    <ForwardRef(WithStyles)
      dow="Mon"
      hour={19}
    />
    <ForwardRef(WithStyles)
      dow="Mon"
      hour={20}
    />
    <ForwardRef(WithStyles)
      dow="Mon"
      hour={21}
    />
    <ForwardRef(WithStyles)
      dow="Mon"
      hour={22}
    />
  </div>
</div>
`;
