// Jest Snapshot v1, https://goo.gl/fbAQLP

exports[`HourCell renders correctly 1`] = `
<div
  className=""
>
  <ForwardRef
    section={
      Object {
        "id": "12345",
      }
    }
  />
  <ForwardRef
    associatedClass={
      Object {
        "event": Object {},
      }
    }
  />
</div>
`;
