// Jest Snapshot v1, https://goo.gl/fbAQLP

exports[`HoursColumn renders correctly 1`] = `
<div
  className="makeStyles-hoursColumnContainer-1"
>
  <div
    className="makeStyles-hoursSpacer-2"
  />
  <div
    className="makeStyles-hoursColumn-3"
  >
    <ForwardRef(WithStyles)
      align="right"
      className="makeStyles-hours-4"
    >
      1am
    </ForwardRef(WithStyles)>
    <ForwardRef(WithStyles)
      align="right"
      className="makeStyles-hours-4"
    >
      2am
    </ForwardRef(WithStyles)>
  </div>
</div>
`;
