// Jest Snapshot v1, https://goo.gl/fbAQLP

exports[`HoursColumn renders correctly 1`] = `
<div
  className=""
>
  <div
    className=""
  />
  <div
    className=""
  >
    <ForwardRef(WithStyles)
      align="right"
      className=""
    >
      1am
    </ForwardRef(WithStyles)>
    <ForwardRef(WithStyles)
      align="right"
      className=""
    >
      2am
    </ForwardRef(WithStyles)>
  </div>
</div>
`;
