// Jest Snapshot v1, https://goo.gl/fbAQLP

exports[`HourCell renders correctly 1`] = `
<div
  className="makeStyles-calendarCell-1"
>
  <CalendarSection
    isPreview={false}
    section={
      Object {
        "id": "12345",
      }
    }
  />
  <AssociatedClass
    associatedClass={
      Object {
        "event": Object {},
        "sectionId": "12345",
      }
    }
    isPreview={false}
    section={
      Object {
        "id": "12345",
      }
    }
  />
</div>
`;
