// Jest Snapshot v1, https://goo.gl/fbAQLP

exports[`HoursColumn renders correctly 1`] = `
<div
  className=""
>
  <div
    className=""
  />
  <div
    className=""
  >
    <WithStyles(Typography)
      align="right"
      className=""
    >
      1am
    </WithStyles(Typography)>
    <WithStyles(Typography)
      align="right"
      className=""
    >
      2am
    </WithStyles(Typography)>
  </div>
</div>
`;
