// Jest Snapshot v1, https://goo.gl/fbAQLP

exports[`CartSection renders correctly 1`] = `
<React.Fragment>
  <Section
    classes={
      Object {
        "container": "makeStyles-container-2",
        "header": "makeStyles-header-4",
        "paper": "makeStyles-paper-1 makeStyles-paper-5",
        "text": "makeStyles-text-3",
      }
    }
    leftHeaderContent="schedules"
    onClick={[Function]}
    rightHeaderContent="COMP_SCI 101-1"
    sectionName="Introduction to Something"
  />
  <ClassModal
    associatedClass={null}
    section={
      Object {
        "courseId": "101-1",
        "descriptions": Array [
          Object {
            "name": "",
            "value": "",
          },
        ],
        "id": "12345",
        "instructors": Array [
          "",
        ],
        "name": "Introduction to Something",
        "schedules": Array [
          Object {
            "dow": Array [
              "Mo",
            ],
            "end": Object {
              "hour": 12,
              "minute": 0,
            },
            "location": "Somewhere",
            "start": Object {
              "hour": 10,
              "minute": 30,
            },
          },
        ],
        "schoolId": "MEAS",
        "sectionNumber": "1",
        "subjectId": "COMP_SCI",
        "termId": "111111",
        "topic": "Section topic...",
      }
    }
    showDialog={false}
    toggleDialog={[Function]}
  />
</React.Fragment>
`;
