// Jest Snapshot v1, https://goo.gl/fbAQLP

exports[`AnnouncementDialog should render correctly 1`] = `
<ForwardRef(WithStyles)
  onClose={[Function]}
  open={true}
>
  <div
    className="makeStyles-dialog-1"
  >
    <ForwardRef(WithStyles)
      variant="h5"
    >
      Future plans for Serif.nu
    </ForwardRef(WithStyles)>
    <ForwardRef(WithStyles)>
      <ForwardRef(WithStyles)>
        It has been quite the ride for Serif over the past few years. What initially started as a small personal project by Joon has become an integral part of the class registration experience, having now helped Northwestern students for almost five years.
      </ForwardRef(WithStyles)>
      <ForwardRef(WithStyles)>
        Unfortunately, the 
        <a
          href="/about"
          rel="noopener noreferrer"
          target="_blank"
        >
          dev team
        </a>
         will be dissolving as Kevin graduates this upcoming June. This means that active development and maintenance of Serif.nu will cease unless a capable and dedicated developer takes over ownership of the project. Maintenance entails paying for the domain, hosting and deploying the source code for Serif, and updating the classes every quarter.
      </ForwardRef(WithStyles)>
      <ForwardRef(WithStyles)>
        You can contact Kevin at kevinlee2020@u.northwestern.edu if you are interested in doing so. Serif.nu is open-source, the code is available to see on 
        <a
          href="https://github.com/Joonpark13/serif.nu"
          rel="noopener noreferrer"
          target="_blank"
        >
          GitHub.
        </a>
      </ForwardRef(WithStyles)>
      <ForwardRef(WithStyles)>
        Thanks for using Serif.nu!
      </ForwardRef(WithStyles)>
      <ForwardRef(WithStyles)>
        Kevin, Joon, and the Serif.nu dev team
      </ForwardRef(WithStyles)>
    </ForwardRef(WithStyles)>
    <ForwardRef(WithStyles)>
      <ForwardRef(WithStyles)
        onClick={[Function]}
      >
        Close
      </ForwardRef(WithStyles)>
    </ForwardRef(WithStyles)>
  </div>
</ForwardRef(WithStyles)>
`;
