// Jest Snapshot v1, https://goo.gl/fbAQLP

exports[`App should render correctly 1`] = `
<React.Fragment>
  <ForwardRef(WithStyles)
    menuAction={[Function]}
  />
  <ForwardRef(WithStyles)
    closeFunc={[Function]}
    isOpen={false}
  />
  <Switch>
    <Route
      component={
        Object {
          "$$typeof": Symbol(react.forward_ref),
          "Naked": [Function],
          "displayName": "WithStyles(AppBody)",
          "options": Object {},
          "propTypes": Object {
            "classes": [Function],
            "innerRef": [Function],
          },
          "render": [Function],
          "useStyles": [Function],
          Symbol(Symbol.hasInstance): [Function],
        }
      }
      exact={true}
      path="/"
    />
    <Route
      component={
        Object {
          "$$typeof": Symbol(react.forward_ref),
          "Naked": [Function],
          "displayName": "WithStyles(AboutPage)",
          "options": Object {},
          "propTypes": Object {
            "classes": [Function],
            "innerRef": [Function],
          },
          "render": [Function],
          "useStyles": [Function],
          Symbol(Symbol.hasInstance): [Function],
        }
      }
      path="/about"
    />
    <Route
      component={
        Object {
          "$$typeof": Symbol(react.forward_ref),
          "Naked": [Function],
          "displayName": "WithStyles(FAQPage)",
          "options": Object {},
          "propTypes": Object {
            "classes": [Function],
            "innerRef": [Function],
          },
          "render": [Function],
          "useStyles": [Function],
          Symbol(Symbol.hasInstance): [Function],
        }
      }
      path="/faq"
    />
    <Route
      component={
        Object {
          "$$typeof": Symbol(react.forward_ref),
          "Naked": [Function],
          "displayName": "WithStyles(BugReportPage)",
          "options": Object {},
          "propTypes": Object {
            "classes": [Function],
            "innerRef": [Function],
          },
          "render": [Function],
          "useStyles": [Function],
          Symbol(Symbol.hasInstance): [Function],
        }
      }
      path="/bugs"
    />
    <Route
      component={
        Object {
          "$$typeof": Symbol(react.forward_ref),
          "Naked": [Function],
          "displayName": "WithStyles(ContactPage)",
          "options": Object {},
          "propTypes": Object {
            "classes": [Function],
            "innerRef": [Function],
          },
          "render": [Function],
          "useStyles": [Function],
          Symbol(Symbol.hasInstance): [Function],
        }
      }
      path="/contact"
    />
    <Route
      component={
        Object {
          "$$typeof": Symbol(react.forward_ref),
          "Naked": [Function],
          "displayName": "WithStyles(LegalPage)",
          "options": Object {},
          "propTypes": Object {
            "classes": [Function],
            "innerRef": [Function],
          },
          "render": [Function],
          "useStyles": [Function],
          Symbol(Symbol.hasInstance): [Function],
        }
      }
      path="/legal"
    />
    <Route
      component={[Function]}
    />
  </Switch>
</React.Fragment>
`;
