// Jest Snapshot v1, https://goo.gl/fbAQLP

exports[`AppBody should render correctly 1`] = `
<ForwardRef(WithStyles)
  container={true}
>
  <ForwardRef(WithStyles)
    className="makeStyles-calendar-1"
    item={true}
    md={9}
    sm={12}
    xs={12}
  >
    <CalendarView />
  </ForwardRef(WithStyles)>
  <ForwardRef(WithStyles)
    item={true}
    md={3}
    sm={12}
    xs={12}
  >
    <SidebarView />
  </ForwardRef(WithStyles)>
</ForwardRef(WithStyles)>
`;
