// Jest Snapshot v1, https://goo.gl/fbAQLP

exports[`NavDrawer should render correctly 1`] = `
<WithStyles(Drawer)
  onClose={[Function]}
  open={true}
>
  <WithStyles(List)>
    <ListItemLink
      onClick={[Function]}
      to="/"
    >
      <WithStyles(ListItemText)
        primary="Serif.nu"
      />
    </ListItemLink>
    <ListItemLink
      onClick={[Function]}
      to="/about"
    >
      <WithStyles(ListItemText)
        primary="About"
      />
    </ListItemLink>
    <ListItemLink
      onClick={[Function]}
      to="/faq"
    >
      <WithStyles(ListItemText)
        primary="FAQ"
      />
    </ListItemLink>
    <ListItemLink
      onClick={[Function]}
      to="/report"
    >
      <WithStyles(ListItemText)
        primary="Report a Bug"
      />
    </ListItemLink>
    <ListItemLink
      onClick={[Function]}
      to="/contact"
    >
      <WithStyles(ListItemText)
        primary="Contact"
      />
    </ListItemLink>
  </WithStyles(List)>
</WithStyles(Drawer)>
`;
