// Jest Snapshot v1, https://goo.gl/fbAQLP

exports[`NavDrawer should render correctly 1`] = `
<ForwardRef(WithStyles)
  onClose={[Function]}
  open={true}
>
  <div
    className=""
  >
    <ForwardRef(WithStyles)>
      <ListItemLink
        onClick={[Function]}
        to="/"
      >
        <ForwardRef(WithStyles)
          primary="Serif.nu"
        />
      </ListItemLink>
      <ListItemLink
        onClick={[Function]}
        to="/about"
      >
        <ForwardRef(WithStyles)
          primary="About"
        />
      </ListItemLink>
      <ListItemLink
        onClick={[Function]}
        to="/faq"
      >
        <ForwardRef(WithStyles)
          primary="FAQ"
        />
      </ListItemLink>
      <ListItemLink
        onClick={[Function]}
        to="/bugs"
      >
        <ForwardRef(WithStyles)
          primary="Report a Bug"
        />
      </ListItemLink>
      <ListItemLink
        onClick={[Function]}
        to="/contact"
      >
        <ForwardRef(WithStyles)
          primary="Contact"
        />
      </ListItemLink>
    </ForwardRef(WithStyles)>
    <div
      className=""
    >
      <Link
        onClick={[Function]}
        to="/legal"
      >
        <ForwardRef(WithStyles)
          variant="caption"
        >
          Legal notices
        </ForwardRef(WithStyles)>
      </Link>
    </div>
  </div>
</ForwardRef(WithStyles)>
`;
