// Jest Snapshot v1, https://goo.gl/fbAQLP

exports[`TopBar renders correctly 1`] = `
<ForwardRef(WithStyles)
  position="static"
>
  <ForwardRef(WithStyles)
    className="makeStyles-toolbar-4"
  >
    <div
      className="makeStyles-topBarLeftSection-5"
    >
      <ForwardRef(WithStyles)
        aria-label="Navigation"
        onClick={[Function]}
      >
        <pure(Menu)
          className="makeStyles-icon-3"
        />
      </ForwardRef(WithStyles)>
      <Link
        className="makeStyles-titleLink-2"
        to="/"
      >
        <ForwardRef(WithStyles)
          className="makeStyles-title-1"
          variant="h5"
        >
          Serif.nu
        </ForwardRef(WithStyles)>
      </Link>
    </div>
    <ForwardRef(WithStyles)
      className="makeStyles-title-1"
    >
      Term:
       
      Fall 2019
    </ForwardRef(WithStyles)>
  </ForwardRef(WithStyles)>
</ForwardRef(WithStyles)>
`;
