// Jest Snapshot v1, https://goo.gl/fbAQLP

exports[`TopBar renders correctly 1`] = `
<WithStyles(AppBar)
  position="static"
>
  <WithStyles(Toolbar)
    className=""
  >
    <div
      className=""
    >
      <WithStyles(IconButton)
        aria-label="Navigation"
        onClick={[Function]}
      >
        <pure(Menu)
          className=""
        />
      </WithStyles(IconButton)>
      <WithStyles(Typography)
        className=""
        variant="h5"
      >
        Serif.nu
      </WithStyles(Typography)>
    </div>
    <WithStyles(Typography)
      className=""
    >
      Term: Spring 2019
    </WithStyles(Typography)>
  </WithStyles(Toolbar)>
</WithStyles(AppBar)>
`;
