// Jest Snapshot v1, https://goo.gl/fbAQLP

exports[`TopBar renders correctly 1`] = `
<ForwardRef(WithStyles)
  position="static"
>
  <ForwardRef(WithStyles)
    className=""
  >
    <div
      className=""
    >
      <ForwardRef(WithStyles)
        aria-label="Navigation"
        onClick={[Function]}
      >
        <pure(Menu)
          className=""
        />
      </ForwardRef(WithStyles)>
      <ForwardRef(WithStyles)
        className=""
        variant="h5"
      >
        Serif.nu
      </ForwardRef(WithStyles)>
    </div>
    <ForwardRef(WithStyles)
      className=""
    >
      Term: Fall 2019
    </ForwardRef(WithStyles)>
  </ForwardRef(WithStyles)>
</ForwardRef(WithStyles)>
`;
