// Jest Snapshot v1, https://goo.gl/fbAQLP

exports[`AssociatedClassesSelection renders correctly 1`] = `
<div
  className=""
>
  <ForwardRef
    back={[Function]}
    title="Introduction to Something-21"
  />
  <WithStyles(List)>
    <WithStyles(ListItem)
      button={true}
      onClick={[Function]}
      onMouseEnter={[Function]}
      onMouseLeave={[Function]}
    >
      <WithStyles(ListItemText)>
        <WithStyles(Typography)
          variant="h6"
        />
        <WithStyles(Typography)>
          MWF 10 - 12ish
        </WithStyles(Typography)>
        <WithStyles(Typography)>
          somewhere
        </WithStyles(Typography)>
      </WithStyles(ListItemText)>
    </WithStyles(ListItem)>
  </WithStyles(List)>
</div>
`;
