// Jest Snapshot v1, https://goo.gl/fbAQLP

exports[`AssociatedClassesSelection renders correctly 1`] = `
<div
  className=""
>
  <ForwardRef(WithStyles)
    back={[Function]}
    title="Introduction to Something-21"
  />
  <ForwardRef(WithStyles)>
    <ForwardRef(WithStyles)
      button={true}
      onClick={[Function]}
      onMouseEnter={[Function]}
      onMouseLeave={[Function]}
    >
      <ForwardRef(WithStyles)>
        <ForwardRef(WithStyles)
          variant="h6"
        />
        <ForwardRef(WithStyles)>
          MWF 10 - 12ish
        </ForwardRef(WithStyles)>
        <ForwardRef(WithStyles)>
          somewhere
        </ForwardRef(WithStyles)>
      </ForwardRef(WithStyles)>
    </ForwardRef(WithStyles)>
  </ForwardRef(WithStyles)>
</div>
`;
