// Jest Snapshot v1, https://goo.gl/fbAQLP

exports[`AssociatedClassesSelection renders correctly 1`] = `
ShallowWrapper {
  Symbol(enzyme.__root__): [Circular],
  Symbol(enzyme.__unrendered__): <AssociatedClassesSelection
    addSectionWithAssociatedClass={[Function]}
    associatedClassHover={[Function]}
    associatedClassHoverOff={[Function]}
    associatedClasses={
      Array [
        Object {
          "schedule": Object {
            "location": "somewhere",
          },
        },
      ]
    }
    back={[Function]}
    classes={
      Object {
        "divider": "",
        "sectionsRoot": "",
        "title": "",
      }
    }
    currentCourseName="Introduction to Something"
    currentSectionNumber="21"
  />,
  Symbol(enzyme.__renderer__): Object {
    "batchedUpdates": [Function],
    "getNode": [Function],
    "render": [Function],
    "simulateError": [Function],
    "simulateEvent": [Function],
    "unmount": [Function],
  },
  Symbol(enzyme.__node__): Object {
    "instance": null,
    "key": undefined,
    "nodeType": "host",
    "props": Object {
      "children": Array [
        <WithStyles(SidebarHeader)
          back={[Function]}
          title="Introduction to Something-21"
        />,
        <WithStyles(List)>
          <WithStyles(ListItem)
            button={true}
            onClick={[Function]}
            onMouseEnter={[Function]}
            onMouseLeave={[Function]}
          >
            <WithStyles(ListItemText)>
              <WithStyles(Typography)
                variant="h6"
              />
              <WithStyles(Typography)>
                MWF 10 - 12ish
              </WithStyles(Typography)>
              <WithStyles(Typography)>
                somewhere
              </WithStyles(Typography)>
            </WithStyles(ListItemText)>
          </WithStyles(ListItem)>
        </WithStyles(List)>,
      ],
      "className": "",
    },
    "ref": null,
    "rendered": Array [
      Object {
        "instance": null,
        "key": undefined,
        "nodeType": "class",
        "props": Object {
          "back": [Function],
          "title": "Introduction to Something-21",
        },
        "ref": null,
        "rendered": null,
        "type": [Function],
      },
      Object {
        "instance": null,
        "key": undefined,
        "nodeType": "class",
        "props": Object {
          "children": Array [
            <WithStyles(ListItem)
              button={true}
              onClick={[Function]}
              onMouseEnter={[Function]}
              onMouseLeave={[Function]}
            >
              <WithStyles(ListItemText)>
                <WithStyles(Typography)
                  variant="h6"
                />
                <WithStyles(Typography)>
                  MWF 10 - 12ish
                </WithStyles(Typography)>
                <WithStyles(Typography)>
                  somewhere
                </WithStyles(Typography)>
              </WithStyles(ListItemText)>
            </WithStyles(ListItem)>,
          ],
        },
        "ref": null,
        "rendered": Array [
          Object {
            "instance": null,
            "key": "{\\"location\\":\\"somewhere\\"}",
            "nodeType": "class",
            "props": Object {
              "button": true,
              "children": <WithStyles(ListItemText)>
                <WithStyles(Typography)
                  variant="h6"
                />
                <WithStyles(Typography)>
                  MWF 10 - 12ish
                </WithStyles(Typography)>
                <WithStyles(Typography)>
                  somewhere
                </WithStyles(Typography)>
              </WithStyles(ListItemText)>,
              "onClick": [Function],
              "onMouseEnter": [Function],
              "onMouseLeave": [Function],
            },
            "ref": null,
            "rendered": Object {
              "instance": null,
              "key": undefined,
              "nodeType": "class",
              "props": Object {
                "children": Array [
                  <WithStyles(Typography)
                    variant="h6"
                  />,
                  <WithStyles(Typography)>
                    MWF 10 - 12ish
                  </WithStyles(Typography)>,
                  <WithStyles(Typography)>
                    somewhere
                  </WithStyles(Typography)>,
                ],
              },
              "ref": null,
              "rendered": Array [
                Object {
                  "instance": null,
                  "key": undefined,
                  "nodeType": "class",
                  "props": Object {
                    "children": undefined,
                    "variant": "h6",
                  },
                  "ref": null,
                  "rendered": null,
                  "type": [Function],
                },
                Object {
                  "instance": null,
                  "key": undefined,
                  "nodeType": "class",
                  "props": Object {
                    "children": "MWF 10 - 12ish",
                  },
                  "ref": null,
                  "rendered": "MWF 10 - 12ish",
                  "type": [Function],
                },
                Object {
                  "instance": null,
                  "key": undefined,
                  "nodeType": "class",
                  "props": Object {
                    "children": "somewhere",
                  },
                  "ref": null,
                  "rendered": "somewhere",
                  "type": [Function],
                },
              ],
              "type": [Function],
            },
            "type": [Function],
          },
        ],
        "type": [Function],
      },
    ],
    "type": "div",
  },
  Symbol(enzyme.__nodes__): Array [
    Object {
      "instance": null,
      "key": undefined,
      "nodeType": "host",
      "props": Object {
        "children": Array [
          <WithStyles(SidebarHeader)
            back={[Function]}
            title="Introduction to Something-21"
          />,
          <WithStyles(List)>
            <WithStyles(ListItem)
              button={true}
              onClick={[Function]}
              onMouseEnter={[Function]}
              onMouseLeave={[Function]}
            >
              <WithStyles(ListItemText)>
                <WithStyles(Typography)
                  variant="h6"
                />
                <WithStyles(Typography)>
                  MWF 10 - 12ish
                </WithStyles(Typography)>
                <WithStyles(Typography)>
                  somewhere
                </WithStyles(Typography)>
              </WithStyles(ListItemText)>
            </WithStyles(ListItem)>
          </WithStyles(List)>,
        ],
        "className": "",
      },
      "ref": null,
      "rendered": Array [
        Object {
          "instance": null,
          "key": undefined,
          "nodeType": "class",
          "props": Object {
            "back": [Function],
            "title": "Introduction to Something-21",
          },
          "ref": null,
          "rendered": null,
          "type": [Function],
        },
        Object {
          "instance": null,
          "key": undefined,
          "nodeType": "class",
          "props": Object {
            "children": Array [
              <WithStyles(ListItem)
                button={true}
                onClick={[Function]}
                onMouseEnter={[Function]}
                onMouseLeave={[Function]}
              >
                <WithStyles(ListItemText)>
                  <WithStyles(Typography)
                    variant="h6"
                  />
                  <WithStyles(Typography)>
                    MWF 10 - 12ish
                  </WithStyles(Typography)>
                  <WithStyles(Typography)>
                    somewhere
                  </WithStyles(Typography)>
                </WithStyles(ListItemText)>
              </WithStyles(ListItem)>,
            ],
          },
          "ref": null,
          "rendered": Array [
            Object {
              "instance": null,
              "key": "{\\"location\\":\\"somewhere\\"}",
              "nodeType": "class",
              "props": Object {
                "button": true,
                "children": <WithStyles(ListItemText)>
                  <WithStyles(Typography)
                    variant="h6"
                  />
                  <WithStyles(Typography)>
                    MWF 10 - 12ish
                  </WithStyles(Typography)>
                  <WithStyles(Typography)>
                    somewhere
                  </WithStyles(Typography)>
                </WithStyles(ListItemText)>,
                "onClick": [Function],
                "onMouseEnter": [Function],
                "onMouseLeave": [Function],
              },
              "ref": null,
              "rendered": Object {
                "instance": null,
                "key": undefined,
                "nodeType": "class",
                "props": Object {
                  "children": Array [
                    <WithStyles(Typography)
                      variant="h6"
                    />,
                    <WithStyles(Typography)>
                      MWF 10 - 12ish
                    </WithStyles(Typography)>,
                    <WithStyles(Typography)>
                      somewhere
                    </WithStyles(Typography)>,
                  ],
                },
                "ref": null,
                "rendered": Array [
                  Object {
                    "instance": null,
                    "key": undefined,
                    "nodeType": "class",
                    "props": Object {
                      "children": undefined,
                      "variant": "h6",
                    },
                    "ref": null,
                    "rendered": null,
                    "type": [Function],
                  },
                  Object {
                    "instance": null,
                    "key": undefined,
                    "nodeType": "class",
                    "props": Object {
                      "children": "MWF 10 - 12ish",
                    },
                    "ref": null,
                    "rendered": "MWF 10 - 12ish",
                    "type": [Function],
                  },
                  Object {
                    "instance": null,
                    "key": undefined,
                    "nodeType": "class",
                    "props": Object {
                      "children": "somewhere",
                    },
                    "ref": null,
                    "rendered": "somewhere",
                    "type": [Function],
                  },
                ],
                "type": [Function],
              },
              "type": [Function],
            },
          ],
          "type": [Function],
        },
      ],
      "type": "div",
    },
  ],
  Symbol(enzyme.__options__): Object {
    "adapter": ReactSixteenAdapter {
      "options": Object {
        "enableComponentDidUpdateOnSetState": true,
        "lifecycles": Object {
          "componentDidUpdate": Object {
            "onSetState": true,
          },
          "getDerivedStateFromProps": true,
          "getSnapshotBeforeUpdate": true,
          "setState": Object {
            "skipsComponentDidUpdateOnNullish": true,
          },
        },
      },
    },
    "attachTo": undefined,
    "hydrateIn": undefined,
  },
}
`;
