// Jest Snapshot v1, https://goo.gl/fbAQLP

exports[`SectionSelection renders correctly 1`] = `
<div
  className=""
>
  <WithStyles(SidebarHeader)
    back={[Function]}
    title="EECS 101-0"
  />
  <WithStyles(List)>
    <Connect(Component)
      addSection={[Function]}
      disabled={false}
      section={
        Object {
          "id": "1",
          "instructors": Array [
            "Jason Hartline",
          ],
          "schedule": Array [
            Object {
              "location": "Some building",
            },
          ],
          "sectionNumber": 20,
        }
      }
    />
    <Connect(Component)
      addSection={[Function]}
      disabled={false}
      section={
        Object {
          "id": "2",
          "instructors": Array [
            "Ian Horswill",
            "Vincent St-Amour",
          ],
          "schedule": Array [
            Object {
              "location": "Some other building",
            },
          ],
          "sectionNumber": 21,
        }
      }
    />
  </WithStyles(List)>
</div>
`;
