// Jest Snapshot v1, https://goo.gl/fbAQLP

exports[`SectionResult renders correctly 1`] = `
<WithStyles(ListItem)
  button={true}
  disabled={false}
  onClick={[Function]}
  onMouseEnter={[Function]}
  onMouseLeave={[Function]}
>
  <WithStyles(ListItemText)>
    <WithStyles(Typography)
      className=""
      variant="h6"
    >
      Section 20
    </WithStyles(Typography)>
    <WithStyles(Typography)>
      Section topic...
    </WithStyles(Typography)>
    <WithStyles(Typography)>
      MWF 10 - 12ish
    </WithStyles(Typography)>
    <WithStyles(Typography)>
      somewhere
    </WithStyles(Typography)>
    <WithStyles(Typography)>
      A prof
    </WithStyles(Typography)>
  </WithStyles(ListItemText)>
</WithStyles(ListItem)>
`;
