// Jest Snapshot v1, https://goo.gl/fbAQLP

exports[`SectionResult renders correctly 1`] = `
<ForwardRef(WithStyles)
  button={true}
  disabled={false}
  onClick={[Function]}
  onMouseEnter={[Function]}
  onMouseLeave={[Function]}
>
  <ForwardRef(WithStyles)>
    <ForwardRef(WithStyles)
      className="makeStyles-sectionTitle-1"
      variant="h6"
    >
      Section 20
    </ForwardRef(WithStyles)>
    <ForwardRef(WithStyles)>
      Section topic...
    </ForwardRef(WithStyles)>
    <ForwardRef(WithStyles)>
      MWF 10 - 12ish
    </ForwardRef(WithStyles)>
    <ForwardRef(WithStyles)>
      somewhere
    </ForwardRef(WithStyles)>
    <ForwardRef(WithStyles)>
      A prof
    </ForwardRef(WithStyles)>
  </ForwardRef(WithStyles)>
</ForwardRef(WithStyles)>
`;
