// Jest Snapshot v1, https://goo.gl/fbAQLP

exports[`SectionSelection renders correctly 1`] = `
<div
  className="makeStyles-sectionsRoot-1"
>
  <SidebarHeader
    back={[Function]}
    title="EECS 101-0"
  />
  <ForwardRef(WithStyles)>
    <SectionResult
      addSection={[Function]}
      disabled={false}
      section={
        Object {
          "courseId": "101-1",
          "descriptions": Array [
            Object {
              "name": "",
              "value": "",
            },
          ],
          "id": "1",
          "instructors": Array [
            "",
          ],
          "name": "Introduction to Something",
          "schedules": Array [
            Object {
              "dow": Array [
                "Mo",
              ],
              "end": Object {
                "hour": 12,
                "minute": 0,
              },
              "location": "Somewhere",
              "start": Object {
                "hour": 10,
                "minute": 30,
              },
            },
          ],
          "schoolId": "MEAS",
          "sectionNumber": "1",
          "subjectId": "COMP_SCI",
          "termId": "111111",
          "topic": "Section topic...",
        }
      }
    />
    <SectionResult
      addSection={[Function]}
      disabled={false}
      section={
        Object {
          "courseId": "101-1",
          "descriptions": Array [
            Object {
              "name": "",
              "value": "",
            },
          ],
          "id": "2",
          "instructors": Array [
            "",
          ],
          "name": "Introduction to Something",
          "schedules": Array [
            Object {
              "dow": Array [
                "Tu",
              ],
              "end": Object {
                "hour": 12,
                "minute": 0,
              },
              "location": "Somewhere",
              "start": Object {
                "hour": 10,
                "minute": 30,
              },
            },
          ],
          "schoolId": "MEAS",
          "sectionNumber": "1",
          "subjectId": "COMP_SCI",
          "termId": "111111",
          "topic": "Section topic...",
        }
      }
    />
  </ForwardRef(WithStyles)>
</div>
`;
