// Jest Snapshot v1, https://goo.gl/fbAQLP

exports[`ContactPage should render correctly 1`] = `
<div
  className="makeStyles-pageContainer-1"
>
  <PageTitle
    title="Contact Us"
  />
  <div
    className="makeStyles-pageBody-2"
  >
    <div
      className="makeStyles-contactMethod-3"
    >
      <a
        className="makeStyles-contactLink-4"
        href="mailto:serifnorthwestern@gmail.com"
      >
        <ForwardRef(WithStyles)
          color="primary"
          fontSize="large"
        >
          email
        </ForwardRef(WithStyles)>
      </a>
      <ForwardRef(WithStyles)
        variant="h5"
      >
        Email
      </ForwardRef(WithStyles)>
    </div>
    <div
      className="makeStyles-contactMethod-3"
    >
      <a
        className="makeStyles-contactLink-4"
        href="https://www.facebook.com/serifnorthwestern"
      >
        <img
          alt="Facebook logo"
          className="makeStyles-facebookLogo-5"
          src={Object {}}
        />
      </a>
      <ForwardRef(WithStyles)
        variant="h5"
      >
        Facebook
      </ForwardRef(WithStyles)>
    </div>
  </div>
</div>
`;
