// Jest Snapshot v1, https://goo.gl/fbAQLP

exports[`HomePage should render correctly 1`] = `
<WithStyles(Grid)
  container={true}
>
  <WithStyles(Grid)
    item={true}
    md={9}
    sm={12}
    xs={12}
  >
    <WithStyles(CalendarView) />
  </WithStyles(Grid)>
  <WithStyles(Grid)
    item={true}
    md={3}
    sm={12}
    xs={12}
  >
    <WithStyles(SidebarView) />
  </WithStyles(Grid)>
</WithStyles(Grid)>
`;
