// Jest Snapshot v1, https://goo.gl/fbAQLP

exports[`Section renders correctly 1`] = `
<ForwardRef(WithStyles)
  className=""
  elevation={2}
  onClick={[Function]}
>
  <div
    className=""
  >
    <div
      className=""
    >
      <ForwardRef(WithStyles)
        className=""
        variant="caption"
      >
        Left
      </ForwardRef(WithStyles)>
      <ForwardRef(WithStyles)
        className=""
        variant="caption"
      >
        Right
      </ForwardRef(WithStyles)>
    </div>
    <ForwardRef(WithStyles)
      className=" "
      noWrap={true}
      variant="subtitle2"
    >
      Intro to Whatever
    </ForwardRef(WithStyles)>
  </div>
</ForwardRef(WithStyles)>
`;
