// Jest Snapshot v1, https://goo.gl/fbAQLP

exports[`Section renders correctly 1`] = `
<WithStyles(Paper)
  className=""
  onClick={[Function]}
>
  <div
    className=""
  >
    <div
      className=""
    >
      <WithStyles(Typography)
        className=""
        variant="caption"
      >
        Left
      </WithStyles(Typography)>
      <WithStyles(Typography)
        className=""
        variant="caption"
      >
        Right
      </WithStyles(Typography)>
    </div>
    <WithStyles(Typography)
      className=" "
      noWrap={true}
      variant="subtitle2"
    >
      Intro to Whatever
    </WithStyles(Typography)>
  </div>
</WithStyles(Paper)>
`;
