// Jest Snapshot v1, https://goo.gl/fbAQLP

exports[`SectionSelection renders correctly 1`] = `
ShallowWrapper {
  Symbol(enzyme.__root__): [Circular],
  Symbol(enzyme.__unrendered__): <SectionSelection
    addSection={[Function]}
    back={[Function]}
    classes={
      Object {
        "divider": "",
        "sectionTitle": "",
        "sectionsRoot": "",
        "title": "",
      }
    }
    currentCourseName="EECS 101-0"
    sections={
      Array [
        Object {
          "id": "1",
          "instructors": Array [
            "Jason Hartline",
          ],
          "schedule": Array [
            Object {
              "location": "Some building",
            },
          ],
          "sectionNumber": 20,
        },
        Object {
          "id": "2",
          "instructors": Array [
            "Ian Horswill",
            "Vincent St-Amour",
          ],
          "schedule": Array [
            Object {
              "location": "Some other building",
            },
          ],
          "sectionNumber": 21,
        },
      ]
    }
  />,
  Symbol(enzyme.__renderer__): Object {
    "batchedUpdates": [Function],
    "getNode": [Function],
    "render": [Function],
    "simulateError": [Function],
    "simulateEvent": [Function],
    "unmount": [Function],
  },
  Symbol(enzyme.__node__): Object {
    "instance": null,
    "key": undefined,
    "nodeType": "host",
    "props": Object {
      "children": Array [
        <WithStyles(Typography)
          className=""
          variant="h5"
        >
          EECS 101-0
          <WithStyles(Button)
            onClick={[Function]}
          >
            Back
          </WithStyles(Button)>
        </WithStyles(Typography)>,
        <WithStyles(Divider)
          className=""
        />,
        <WithStyles(List)>
          <WithStyles(ListItem)
            button={true}
            onClick={[Function]}
          >
            <WithStyles(ListItemText)>
              <WithStyles(Typography)
                className=""
                variant="h6"
              >
                Section 20
              </WithStyles(Typography)>
              <WithStyles(Typography)>
                schedule
              </WithStyles(Typography)>
              <WithStyles(Typography)>
                Some building
              </WithStyles(Typography)>
              <WithStyles(Typography)>
                Jason Hartline
              </WithStyles(Typography)>
            </WithStyles(ListItemText)>
          </WithStyles(ListItem)>
          <WithStyles(ListItem)
            button={true}
            onClick={[Function]}
          >
            <WithStyles(ListItemText)>
              <WithStyles(Typography)
                className=""
                variant="h6"
              >
                Section 21
              </WithStyles(Typography)>
              <WithStyles(Typography)>
                schedule
              </WithStyles(Typography)>
              <WithStyles(Typography)>
                Some other building
              </WithStyles(Typography)>
              <WithStyles(Typography)>
                Ian Horswill, 
                Vincent St-Amour
              </WithStyles(Typography)>
            </WithStyles(ListItemText)>
          </WithStyles(ListItem)>
        </WithStyles(List)>,
      ],
      "className": "",
    },
    "ref": null,
    "rendered": Array [
      Object {
        "instance": null,
        "key": undefined,
        "nodeType": "class",
        "props": Object {
          "children": Array [
            "EECS 101-0",
            <WithStyles(Button)
              onClick={[Function]}
            >
              Back
            </WithStyles(Button)>,
          ],
          "className": "",
          "variant": "h5",
        },
        "ref": null,
        "rendered": Array [
          "EECS 101-0",
          Object {
            "instance": null,
            "key": undefined,
            "nodeType": "class",
            "props": Object {
              "children": "Back",
              "onClick": [Function],
            },
            "ref": null,
            "rendered": "Back",
            "type": [Function],
          },
        ],
        "type": [Function],
      },
      Object {
        "instance": null,
        "key": undefined,
        "nodeType": "class",
        "props": Object {
          "className": "",
        },
        "ref": null,
        "rendered": null,
        "type": [Function],
      },
      Object {
        "instance": null,
        "key": undefined,
        "nodeType": "class",
        "props": Object {
          "children": Array [
            <WithStyles(ListItem)
              button={true}
              onClick={[Function]}
            >
              <WithStyles(ListItemText)>
                <WithStyles(Typography)
                  className=""
                  variant="h6"
                >
                  Section 20
                </WithStyles(Typography)>
                <WithStyles(Typography)>
                  schedule
                </WithStyles(Typography)>
                <WithStyles(Typography)>
                  Some building
                </WithStyles(Typography)>
                <WithStyles(Typography)>
                  Jason Hartline
                </WithStyles(Typography)>
              </WithStyles(ListItemText)>
            </WithStyles(ListItem)>,
            <WithStyles(ListItem)
              button={true}
              onClick={[Function]}
            >
              <WithStyles(ListItemText)>
                <WithStyles(Typography)
                  className=""
                  variant="h6"
                >
                  Section 21
                </WithStyles(Typography)>
                <WithStyles(Typography)>
                  schedule
                </WithStyles(Typography)>
                <WithStyles(Typography)>
                  Some other building
                </WithStyles(Typography)>
                <WithStyles(Typography)>
                  Ian Horswill, 
                  Vincent St-Amour
                </WithStyles(Typography)>
              </WithStyles(ListItemText)>
            </WithStyles(ListItem)>,
          ],
        },
        "ref": null,
        "rendered": Array [
          Object {
            "instance": null,
            "key": "1",
            "nodeType": "class",
            "props": Object {
              "button": true,
              "children": <WithStyles(ListItemText)>
                <WithStyles(Typography)
                  className=""
                  variant="h6"
                >
                  Section 20
                </WithStyles(Typography)>
                <WithStyles(Typography)>
                  schedule
                </WithStyles(Typography)>
                <WithStyles(Typography)>
                  Some building
                </WithStyles(Typography)>
                <WithStyles(Typography)>
                  Jason Hartline
                </WithStyles(Typography)>
              </WithStyles(ListItemText)>,
              "onClick": [Function],
            },
            "ref": null,
            "rendered": Object {
              "instance": null,
              "key": undefined,
              "nodeType": "class",
              "props": Object {
                "children": Array [
                  <WithStyles(Typography)
                    className=""
                    variant="h6"
                  >
                    Section 20
                  </WithStyles(Typography)>,
                  Array [
                    <WithStyles(Typography)>
                      schedule
                    </WithStyles(Typography)>,
                  ],
                  <WithStyles(Typography)>
                    Some building
                  </WithStyles(Typography)>,
                  <WithStyles(Typography)>
                    Jason Hartline
                  </WithStyles(Typography)>,
                ],
              },
              "ref": null,
              "rendered": Array [
                Object {
                  "instance": null,
                  "key": undefined,
                  "nodeType": "class",
                  "props": Object {
                    "children": "Section 20",
                    "className": "",
                    "variant": "h6",
                  },
                  "ref": null,
                  "rendered": "Section 20",
                  "type": [Function],
                },
                Object {
                  "instance": null,
                  "key": "0",
                  "nodeType": "class",
                  "props": Object {
                    "children": "schedule",
                  },
                  "ref": null,
                  "rendered": "schedule",
                  "type": [Function],
                },
                Object {
                  "instance": null,
                  "key": undefined,
                  "nodeType": "class",
                  "props": Object {
                    "children": "Some building",
                  },
                  "ref": null,
                  "rendered": "Some building",
                  "type": [Function],
                },
                Object {
                  "instance": null,
                  "key": undefined,
                  "nodeType": "class",
                  "props": Object {
                    "children": Array [
                      "Jason Hartline",
                    ],
                  },
                  "ref": null,
                  "rendered": Array [
                    "Jason Hartline",
                  ],
                  "type": [Function],
                },
              ],
              "type": [Function],
            },
            "type": [Function],
          },
          Object {
            "instance": null,
            "key": "2",
            "nodeType": "class",
            "props": Object {
              "button": true,
              "children": <WithStyles(ListItemText)>
                <WithStyles(Typography)
                  className=""
                  variant="h6"
                >
                  Section 21
                </WithStyles(Typography)>
                <WithStyles(Typography)>
                  schedule
                </WithStyles(Typography)>
                <WithStyles(Typography)>
                  Some other building
                </WithStyles(Typography)>
                <WithStyles(Typography)>
                  Ian Horswill, 
                  Vincent St-Amour
                </WithStyles(Typography)>
              </WithStyles(ListItemText)>,
              "onClick": [Function],
            },
            "ref": null,
            "rendered": Object {
              "instance": null,
              "key": undefined,
              "nodeType": "class",
              "props": Object {
                "children": Array [
                  <WithStyles(Typography)
                    className=""
                    variant="h6"
                  >
                    Section 21
                  </WithStyles(Typography)>,
                  Array [
                    <WithStyles(Typography)>
                      schedule
                    </WithStyles(Typography)>,
                  ],
                  <WithStyles(Typography)>
                    Some other building
                  </WithStyles(Typography)>,
                  <WithStyles(Typography)>
                    Ian Horswill, 
                    Vincent St-Amour
                  </WithStyles(Typography)>,
                ],
              },
              "ref": null,
              "rendered": Array [
                Object {
                  "instance": null,
                  "key": undefined,
                  "nodeType": "class",
                  "props": Object {
                    "children": "Section 21",
                    "className": "",
                    "variant": "h6",
                  },
                  "ref": null,
                  "rendered": "Section 21",
                  "type": [Function],
                },
                Object {
                  "instance": null,
                  "key": "0",
                  "nodeType": "class",
                  "props": Object {
                    "children": "schedule",
                  },
                  "ref": null,
                  "rendered": "schedule",
                  "type": [Function],
                },
                Object {
                  "instance": null,
                  "key": undefined,
                  "nodeType": "class",
                  "props": Object {
                    "children": "Some other building",
                  },
                  "ref": null,
                  "rendered": "Some other building",
                  "type": [Function],
                },
                Object {
                  "instance": null,
                  "key": undefined,
                  "nodeType": "class",
                  "props": Object {
                    "children": Array [
                      "Ian Horswill, ",
                      "Vincent St-Amour",
                    ],
                  },
                  "ref": null,
                  "rendered": Array [
                    "Ian Horswill, ",
                    "Vincent St-Amour",
                  ],
                  "type": [Function],
                },
              ],
              "type": [Function],
            },
            "type": [Function],
          },
        ],
        "type": [Function],
      },
    ],
    "type": "div",
  },
  Symbol(enzyme.__nodes__): Array [
    Object {
      "instance": null,
      "key": undefined,
      "nodeType": "host",
      "props": Object {
        "children": Array [
          <WithStyles(Typography)
            className=""
            variant="h5"
          >
            EECS 101-0
            <WithStyles(Button)
              onClick={[Function]}
            >
              Back
            </WithStyles(Button)>
          </WithStyles(Typography)>,
          <WithStyles(Divider)
            className=""
          />,
          <WithStyles(List)>
            <WithStyles(ListItem)
              button={true}
              onClick={[Function]}
            >
              <WithStyles(ListItemText)>
                <WithStyles(Typography)
                  className=""
                  variant="h6"
                >
                  Section 20
                </WithStyles(Typography)>
                <WithStyles(Typography)>
                  schedule
                </WithStyles(Typography)>
                <WithStyles(Typography)>
                  Some building
                </WithStyles(Typography)>
                <WithStyles(Typography)>
                  Jason Hartline
                </WithStyles(Typography)>
              </WithStyles(ListItemText)>
            </WithStyles(ListItem)>
            <WithStyles(ListItem)
              button={true}
              onClick={[Function]}
            >
              <WithStyles(ListItemText)>
                <WithStyles(Typography)
                  className=""
                  variant="h6"
                >
                  Section 21
                </WithStyles(Typography)>
                <WithStyles(Typography)>
                  schedule
                </WithStyles(Typography)>
                <WithStyles(Typography)>
                  Some other building
                </WithStyles(Typography)>
                <WithStyles(Typography)>
                  Ian Horswill, 
                  Vincent St-Amour
                </WithStyles(Typography)>
              </WithStyles(ListItemText)>
            </WithStyles(ListItem)>
          </WithStyles(List)>,
        ],
        "className": "",
      },
      "ref": null,
      "rendered": Array [
        Object {
          "instance": null,
          "key": undefined,
          "nodeType": "class",
          "props": Object {
            "children": Array [
              "EECS 101-0",
              <WithStyles(Button)
                onClick={[Function]}
              >
                Back
              </WithStyles(Button)>,
            ],
            "className": "",
            "variant": "h5",
          },
          "ref": null,
          "rendered": Array [
            "EECS 101-0",
            Object {
              "instance": null,
              "key": undefined,
              "nodeType": "class",
              "props": Object {
                "children": "Back",
                "onClick": [Function],
              },
              "ref": null,
              "rendered": "Back",
              "type": [Function],
            },
          ],
          "type": [Function],
        },
        Object {
          "instance": null,
          "key": undefined,
          "nodeType": "class",
          "props": Object {
            "className": "",
          },
          "ref": null,
          "rendered": null,
          "type": [Function],
        },
        Object {
          "instance": null,
          "key": undefined,
          "nodeType": "class",
          "props": Object {
            "children": Array [
              <WithStyles(ListItem)
                button={true}
                onClick={[Function]}
              >
                <WithStyles(ListItemText)>
                  <WithStyles(Typography)
                    className=""
                    variant="h6"
                  >
                    Section 20
                  </WithStyles(Typography)>
                  <WithStyles(Typography)>
                    schedule
                  </WithStyles(Typography)>
                  <WithStyles(Typography)>
                    Some building
                  </WithStyles(Typography)>
                  <WithStyles(Typography)>
                    Jason Hartline
                  </WithStyles(Typography)>
                </WithStyles(ListItemText)>
              </WithStyles(ListItem)>,
              <WithStyles(ListItem)
                button={true}
                onClick={[Function]}
              >
                <WithStyles(ListItemText)>
                  <WithStyles(Typography)
                    className=""
                    variant="h6"
                  >
                    Section 21
                  </WithStyles(Typography)>
                  <WithStyles(Typography)>
                    schedule
                  </WithStyles(Typography)>
                  <WithStyles(Typography)>
                    Some other building
                  </WithStyles(Typography)>
                  <WithStyles(Typography)>
                    Ian Horswill, 
                    Vincent St-Amour
                  </WithStyles(Typography)>
                </WithStyles(ListItemText)>
              </WithStyles(ListItem)>,
            ],
          },
          "ref": null,
          "rendered": Array [
            Object {
              "instance": null,
              "key": "1",
              "nodeType": "class",
              "props": Object {
                "button": true,
                "children": <WithStyles(ListItemText)>
                  <WithStyles(Typography)
                    className=""
                    variant="h6"
                  >
                    Section 20
                  </WithStyles(Typography)>
                  <WithStyles(Typography)>
                    schedule
                  </WithStyles(Typography)>
                  <WithStyles(Typography)>
                    Some building
                  </WithStyles(Typography)>
                  <WithStyles(Typography)>
                    Jason Hartline
                  </WithStyles(Typography)>
                </WithStyles(ListItemText)>,
                "onClick": [Function],
              },
              "ref": null,
              "rendered": Object {
                "instance": null,
                "key": undefined,
                "nodeType": "class",
                "props": Object {
                  "children": Array [
                    <WithStyles(Typography)
                      className=""
                      variant="h6"
                    >
                      Section 20
                    </WithStyles(Typography)>,
                    Array [
                      <WithStyles(Typography)>
                        schedule
                      </WithStyles(Typography)>,
                    ],
                    <WithStyles(Typography)>
                      Some building
                    </WithStyles(Typography)>,
                    <WithStyles(Typography)>
                      Jason Hartline
                    </WithStyles(Typography)>,
                  ],
                },
                "ref": null,
                "rendered": Array [
                  Object {
                    "instance": null,
                    "key": undefined,
                    "nodeType": "class",
                    "props": Object {
                      "children": "Section 20",
                      "className": "",
                      "variant": "h6",
                    },
                    "ref": null,
                    "rendered": "Section 20",
                    "type": [Function],
                  },
                  Object {
                    "instance": null,
                    "key": "0",
                    "nodeType": "class",
                    "props": Object {
                      "children": "schedule",
                    },
                    "ref": null,
                    "rendered": "schedule",
                    "type": [Function],
                  },
                  Object {
                    "instance": null,
                    "key": undefined,
                    "nodeType": "class",
                    "props": Object {
                      "children": "Some building",
                    },
                    "ref": null,
                    "rendered": "Some building",
                    "type": [Function],
                  },
                  Object {
                    "instance": null,
                    "key": undefined,
                    "nodeType": "class",
                    "props": Object {
                      "children": Array [
                        "Jason Hartline",
                      ],
                    },
                    "ref": null,
                    "rendered": Array [
                      "Jason Hartline",
                    ],
                    "type": [Function],
                  },
                ],
                "type": [Function],
              },
              "type": [Function],
            },
            Object {
              "instance": null,
              "key": "2",
              "nodeType": "class",
              "props": Object {
                "button": true,
                "children": <WithStyles(ListItemText)>
                  <WithStyles(Typography)
                    className=""
                    variant="h6"
                  >
                    Section 21
                  </WithStyles(Typography)>
                  <WithStyles(Typography)>
                    schedule
                  </WithStyles(Typography)>
                  <WithStyles(Typography)>
                    Some other building
                  </WithStyles(Typography)>
                  <WithStyles(Typography)>
                    Ian Horswill, 
                    Vincent St-Amour
                  </WithStyles(Typography)>
                </WithStyles(ListItemText)>,
                "onClick": [Function],
              },
              "ref": null,
              "rendered": Object {
                "instance": null,
                "key": undefined,
                "nodeType": "class",
                "props": Object {
                  "children": Array [
                    <WithStyles(Typography)
                      className=""
                      variant="h6"
                    >
                      Section 21
                    </WithStyles(Typography)>,
                    Array [
                      <WithStyles(Typography)>
                        schedule
                      </WithStyles(Typography)>,
                    ],
                    <WithStyles(Typography)>
                      Some other building
                    </WithStyles(Typography)>,
                    <WithStyles(Typography)>
                      Ian Horswill, 
                      Vincent St-Amour
                    </WithStyles(Typography)>,
                  ],
                },
                "ref": null,
                "rendered": Array [
                  Object {
                    "instance": null,
                    "key": undefined,
                    "nodeType": "class",
                    "props": Object {
                      "children": "Section 21",
                      "className": "",
                      "variant": "h6",
                    },
                    "ref": null,
                    "rendered": "Section 21",
                    "type": [Function],
                  },
                  Object {
                    "instance": null,
                    "key": "0",
                    "nodeType": "class",
                    "props": Object {
                      "children": "schedule",
                    },
                    "ref": null,
                    "rendered": "schedule",
                    "type": [Function],
                  },
                  Object {
                    "instance": null,
                    "key": undefined,
                    "nodeType": "class",
                    "props": Object {
                      "children": "Some other building",
                    },
                    "ref": null,
                    "rendered": "Some other building",
                    "type": [Function],
                  },
                  Object {
                    "instance": null,
                    "key": undefined,
                    "nodeType": "class",
                    "props": Object {
                      "children": Array [
                        "Ian Horswill, ",
                        "Vincent St-Amour",
                      ],
                    },
                    "ref": null,
                    "rendered": Array [
                      "Ian Horswill, ",
                      "Vincent St-Amour",
                    ],
                    "type": [Function],
                  },
                ],
                "type": [Function],
              },
              "type": [Function],
            },
          ],
          "type": [Function],
        },
      ],
      "type": "div",
    },
  ],
  Symbol(enzyme.__options__): Object {
    "adapter": ReactSixteenAdapter {
      "options": Object {
        "enableComponentDidUpdateOnSetState": true,
        "lifecycles": Object {
          "componentDidUpdate": Object {
            "onSetState": true,
          },
          "getDerivedStateFromProps": true,
          "getSnapshotBeforeUpdate": true,
          "setState": Object {
            "skipsComponentDidUpdateOnNullish": true,
          },
        },
      },
    },
    "attachTo": undefined,
    "hydrateIn": undefined,
  },
}
`;
