// Jest Snapshot v1, https://goo.gl/fbAQLP

exports[`SidebarHeader renders correctly 1`] = `
<React.Fragment>
  <ForwardRef(WithStyles)
    className=""
    variant="h5"
  >
    Title
    <ForwardRef(WithStyles)
      onClick={[Function]}
    >
      Back
    </ForwardRef(WithStyles)>
  </ForwardRef(WithStyles)>
  <ForwardRef(WithStyles)
    className=""
  />
</React.Fragment>
`;
