// Jest Snapshot v1, https://goo.gl/fbAQLP

exports[`SidebarHeader renders correctly 1`] = `
<React.Fragment>
  <WithStyles(Typography)
    className=""
    variant="h5"
  >
    Title
    <WithStyles(Button)
      onClick={[Function]}
    >
      Back
    </WithStyles(Button)>
  </WithStyles(Typography)>
  <WithStyles(Divider)
    className=""
  />
</React.Fragment>
`;
