// Jest Snapshot v1, https://goo.gl/fbAQLP

exports[`BrowseHeader renders correctly 1`] = `
<div
  className=""
>
  <div
    className=""
  >
    <ForwardRef(WithStyles)
      variant="h5"
    />
  </div>
  <div
    className=""
  >
    <ForwardRef(WithStyles)
      onClick={[Function]}
    >
      Back
    </ForwardRef(WithStyles)>
  </div>
</div>
`;
