// Jest Snapshot v1, https://goo.gl/fbAQLP

exports[`BrowseHeader renders correctly 1`] = `
<div
  className="makeStyles-browseHeader-1"
>
  <div
    className="makeStyles-breadcrumbs-2"
  >
    <ForwardRef(WithStyles)
      aria-label="breadcrumb"
    >
      
      
      <ForwardRef(WithStyles)
        variant="h6"
      />
    </ForwardRef(WithStyles)>
  </div>
</div>
`;
