// Jest Snapshot v1, https://goo.gl/fbAQLP

exports[`BrowseHeader renders correctly 1`] = `
<div
  className="makeStyles-browseHeader-1"
>
  <div
    className="makeStyles-selectionName-2"
  >
    <ForwardRef(WithStyles)
      variant="h5"
    />
  </div>
  <div
    className="makeStyles-backButton-3"
  >
    <ForwardRef(WithStyles)
      onClick={[Function]}
    >
      Back
    </ForwardRef(WithStyles)>
  </div>
</div>
`;
