// Jest Snapshot v1, https://goo.gl/fbAQLP

exports[`Courses renders correctly 1`] = `
<div>
  <WithStyles(List)>
    <WithStyles(ListItem)
      button={true}
      onClick={[Function]}
    >
      <WithStyles(ListItemText)
        primary="101-0 Intro to Serif"
      />
    </WithStyles(ListItem)>
  </WithStyles(List)>
</div>
`;

exports[`Courses renders loading correctly 1`] = `
<div
  className=""
>
  <WithStyles(CircularProgress) />
</div>
`;
