// Jest Snapshot v1, https://goo.gl/fbAQLP

exports[`Courses renders correctly 1`] = `
<div>
  <ForwardRef(WithStyles)>
    <ForwardRef(WithStyles)
      button={true}
      onClick={[Function]}
    >
      <ForwardRef(WithStyles)
        primary="101-0 Intro to Serif"
      />
    </ForwardRef(WithStyles)>
  </ForwardRef(WithStyles)>
</div>
`;

exports[`Courses renders loading correctly 1`] = `
<div
  className=""
>
  <ForwardRef(WithStyles) />
</div>
`;
