// Jest Snapshot v1, https://goo.gl/fbAQLP

exports[`Schools renders correctly 1`] = `
<div>
  <ForwardRef(WithStyles)>
    <ForwardRef(WithStyles)
      button={true}
      onClick={[Function]}
    >
      <ForwardRef(WithStyles)
        primary="Bienen School of Music"
      />
    </ForwardRef(WithStyles)>
    <ForwardRef(WithStyles)
      button={true}
      onClick={[Function]}
    >
      <ForwardRef(WithStyles)
        primary="McCormick School of Engineering and Applied Science"
      />
    </ForwardRef(WithStyles)>
  </ForwardRef(WithStyles)>
</div>
`;

exports[`Schools renders loading correctly 1`] = `
<div>
  <ForwardRef(WithStyles) />
</div>
`;
