// Jest Snapshot v1, https://goo.gl/fbAQLP

exports[`Schools renders correctly 1`] = `
<div>
  <WithStyles(List)>
    <WithStyles(ListItem)
      button={true}
      onClick={[Function]}
    >
      <WithStyles(ListItemText)
        primary="Bienen School of Music"
      />
    </WithStyles(ListItem)>
    <WithStyles(ListItem)
      button={true}
      onClick={[Function]}
    >
      <WithStyles(ListItemText)
        primary="McCormick School of Engineering and Applied Science"
      />
    </WithStyles(ListItem)>
  </WithStyles(List)>
</div>
`;

exports[`Schools renders loading correctly 1`] = `
<div>
  <WithStyles(CircularProgress) />
</div>
`;
