// Jest Snapshot v1, https://goo.gl/fbAQLP

exports[`renders correctly 1`] = `
<div>
  <div
    className="MuiFormControl-root-1"
  >
    <label
      className="MuiFormLabel-root-10 MuiInputLabel-root-5 MuiInputLabel-formControl-6 MuiInputLabel-animated-9"
      data-shrink={false}
    >
      Search for classes
    </label>
    <div
      className="MuiInput-root-17 MuiInput-formControl-18 MuiInput-underline-21"
    >
      <input
        aria-invalid={false}
        className="MuiInput-input-25 MuiInput-inputType-28 MuiInput-inputTypeSearch-29"
        disabled={false}
        onBlur={[Function]}
        onChange={[Function]}
        onFocus={[Function]}
        required={false}
        type="search"
      />
    </div>
  </div>
</div>
`;
