// Jest Snapshot v1, https://goo.gl/fbAQLP

exports[`SearchBox renders correctly 1`] = `
<div
  className="makeStyles-container-1"
>
  <ForwardRef(WithStyles)
    fullWidth={true}
    label="Search for classes"
    onChange={[Function]}
    type="search"
    value="EECS"
  />
</div>
`;

exports[`SearchBox renders text typed into the search box 1`] = `
<div
  className="makeStyles-container-1"
>
  <ForwardRef(WithStyles)
    fullWidth={true}
    label="Search for classes"
    onChange={[Function]}
    type="search"
    value="EECS"
  />
</div>
`;
